-----------------------------------
nobs = 1001 
ngood = 1001 
record length (days) = 41.71
rayleigh criterion = 1.0

Phases at central time
x0= 3.66e-06  xtrend= 0
var(data)= 12.53    var(prediction)= 12.53    var(residual)= 0.00
var(prediction)/var(data) (%) = 100.0

        tidal amplitude and phase with 95 % CI estimates
 tide      freq        amp      amp_err   pha      pha_err    snr
  MM    0.0015122     0.0004     0.000     89.79     54.10      0.87
  MSF   0.0028219     0.0001     0.000    266.87    136.60       0.2
  ALP1  0.0343966     0.0004     0.000    269.34     53.53       1.7
  2Q1   0.0357064     0.0004     0.000     88.36     43.39       1.9
  Q1    0.0372185     0.0003     0.000     89.82     60.76      0.83
  O1    0.0387307     0.0004     0.000    268.05     46.05       1.4
  NO1   0.0402686     0.0004     0.000    269.19     48.41       1.8
  K1    0.0417807     0.0004     0.000     87.64     51.69       1.5
  J1    0.0432929     0.0005     0.000     88.85     41.65         2
  OO1   0.0448308     0.0003     0.000    266.97     74.05       1.1
* UPS1  0.0463430     0.0006     0.000    268.43     33.04       3.5
  EPS2  0.0761773     0.0009     0.005    267.80    251.11     0.026
  MU2   0.0776895     0.0053     0.007     87.30     88.33      0.56
  N2    0.0789992     0.0017     0.006    267.09    175.81      0.09
* M2    0.0805114     4.9998     0.008    267.25      0.09   4.3e+05
  L2    0.0820236     0.0016     0.006     87.01    178.44     0.075
  S2    0.0833333     0.0057     0.008    267.14     87.83      0.48
  ETA2  0.0850736     0.0015     0.006    266.89    203.01     0.074
* MO3   0.1192421     0.0002     0.000    264.35     41.96       2.1
* M3    0.1207671     0.0003     0.000     87.16     25.12       4.4
* MK3   0.1222921     0.0003     0.000     85.64     19.88       5.3
  SK3   0.1251141     0.0001     0.000    263.45     60.98       1.4
* MN4   0.1595106     0.0002     0.000    264.90     30.36       4.8
  M4    0.1610228     0.0000     0.000    147.67    228.18     0.017
  SN4   0.1623326     0.0001     0.000     83.74     40.20       1.8
  MS4   0.1638447     0.0001     0.000    272.36     70.65      0.64
* S4    0.1666667     0.0001     0.000     87.31     38.99       2.5
* 2MK5  0.2028035     0.0001     0.000     89.11     31.00       3.1
* 2SK5  0.2084474     0.0001     0.000     84.70     22.96       6.5
  2MN6  0.2400221     0.0000     0.000    278.41     97.18      0.36
* M6    0.2415342     0.0001     0.000    266.15     31.65       3.8
* 2MS6  0.2443561     0.0001     0.000     83.27     41.37       3.2
  2SM6  0.2471781     0.0000     0.000    258.44     57.93      0.91
* 3MK7  0.2833149     0.0000     0.000    261.56     14.92        23
* M8    0.3220456     0.0000     0.000     28.15      5.42   2.5e+02

********************************************************************************


********************************************************************************

======================================================================
Number of observations = 1001
Number of observations used = 1001
Record length (days) = 41.71
Phases at central time

x0= 3.66e-06  xtrend= 0
var(data)= 12.53    var(prediction)= 12.53    var(residual)= 0.00
var(prediction)/var(data) (%) = 100.0

            Tidal amplitude and phase with 95 % CI estimates
                 Freq        Amp    Amp Err      Phase  Phase Err        SNR
Tide                                                                        
MM           0.001512       0.00       0.00       89.8       59.2          1
MSF          0.002822       0.00       0.00      266.9      160.5        0.2
ALP1         0.034397       0.00       0.00      269.3       58.7          1
2Q1          0.035706       0.00       0.00       88.4       41.3          2
Q1           0.037219       0.00       0.00       89.8       60.8        0.8
O1           0.038731       0.00       0.00      268.0       49.0          2
NO1          0.040269       0.00       0.00      269.2       49.4          2
K1           0.041781       0.00       0.00       87.6       47.3          2
J1           0.043293       0.00       0.00       88.9       42.5          3
OO1          0.044831       0.00       0.00      267.0       67.2        0.8
UPS1         0.046343       0.00       0.00      268.4       27.8          3
EPS2         0.076177       0.00       0.01      267.8      261.5       0.03
MU2          0.077689       0.01       0.01       87.3       98.6        0.6
N2           0.078999       0.00       0.01      267.1      199.0       0.08
M2           0.080511       5.00       0.01      267.2        0.1      4e+05
L2           0.082024       0.00       0.01       87.0      197.0       0.09
S2           0.083333       0.01       0.01      267.1       78.6        0.8
ETA2         0.085074       0.00       0.01      266.9      155.3       0.08
MO3          0.119242       0.00       0.00      264.4       44.3          2
M3           0.120767       0.00       0.00       87.2       27.1          5
MK3          0.122292       0.00       0.00       85.6       21.7          6
SK3          0.125114       0.00       0.00      263.4       54.3          1
MN4          0.159511       0.00       0.00      264.9       29.1          3
M4           0.161023       0.00       0.00      147.7      245.6       0.02
SN4          0.162333       0.00       0.00       83.7       38.1          2
MS4          0.163845       0.00       0.00      272.4       79.8        0.6
S4           0.166667       0.00       0.00       87.3       37.9          3
2MK5         0.202804       0.00       0.00       89.1       33.5          3
2SK5         0.208447       0.00       0.00       84.7       21.4          6
2MN6         0.240022       0.00       0.00      278.4       88.6        0.5
M6           0.241534       0.00       0.00      266.2       32.0          3
2MS6         0.244356       0.00       0.00       83.3       36.4          3
2SM6         0.247178       0.00       0.00      258.4       61.3          1
3MK7         0.283315       0.00       0.00      261.6       14.7      1e+01
M8           0.322046       0.00       0.00       28.1        5.6      2e+02
======================================================================

********************************************************************************

-----------------------------------
nobs = 1001 
ngood = 1001 
record length (days) = 41.71
rayleigh criterion = 1.0

Phases at central time
x0= 3.42e-06  xtrend= 0
var(data)= 12.53    var(prediction)= 12.53    var(residual)= 0.00
var(prediction)/var(data) (%) = 100.0

        tidal amplitude and phase with 95 % CI estimates
 tide      freq        amp      amp_err   pha      pha_err    snr
* M2    0.0805114     5.0000     0.009    267.25      0.09   3.1e+05

********************************************************************************

-----------------------------------
nobs = 1001 
ngood = 1001 
record length (days) = 41.71
rayleigh criterion = 1.0

Phases at central time
x0= 2.34e-06  xtrend= 0
var(data)= 12.53    var(prediction)= 12.53    var(residual)= 0.00
var(prediction)/var(data) (%) = 100.0

        tidal amplitude and phase with 95 % CI estimates
 tide      freq        amp      amp_err   pha      pha_err    snr
* O1    0.0387307     0.0004     0.000    268.21     24.01       6.6
* K1    0.0417807     0.0004     0.000     87.97     28.39       4.2
  N2    0.0789992     0.0029     0.006    267.20    156.59      0.23
* M2    0.0805114     5.0002     0.008    267.25      0.09   3.9e+05
  S2    0.0833333     0.0060     0.008    267.14     88.43      0.63

********************************************************************************

-----------------------------------
nobs = 1001 
ngood = 1001 
record length (days) = 41.71
start time: 2103-09-18 00:00:00
rayleigh criterion = 1.0

Greenwich phase computed, no nodal corrections
x0= 3.42e-06  xtrend= 0
var(data)= 12.53    var(prediction)= 12.53    var(residual)= 0.00
var(prediction)/var(data) (%) = 100.0

        tidal amplitude and phase with 95 % CI estimates
 tide      freq        amp      amp_err   pha      pha_err    snr
* M2    0.0805114     5.0000     0.009    324.64      0.10   3.3e+05

********************************************************************************

-----------------------------------
nobs = 1001 
ngood = 1001 
record length (days) = 41.71
start time: 2103-09-18 00:00:00
rayleigh criterion = 1.0

Greenwich phase computed with nodal
                   corrections applied to amplitude
                   and phase relative to center time

x0= 3.42e-06  xtrend= 0
var(data)= 12.53    var(prediction)= 12.64    var(residual)= 0.02
var(prediction)/var(data) (%) = 100.9

        tidal amplitude and phase with 95 % CI estimates
 tide      freq        amp      amp_err   pha      pha_err    snr
* M2    0.0805114     5.0219     0.008    326.60      0.10   4.1e+05

********************************************************************************

-----------------------------------
nobs = 1001 
ngood = 1001 
record length (days) = 41.71
rayleigh criterion = 1.0

Phases at central time
x0= 3.41e-06  xtrend= 0
var(data)= 13.04    var(prediction)= 13.04    var(residual)= 0.00
var(prediction)/var(data) (%) = 100.0

        tidal amplitude and phase with 95 % CI estimates
 tide      freq        amp      amp_err   pha      pha_err    snr
* M2    0.0805114     5.0000     0.008    267.25      0.10   4.4e+05
* M10   0.4025570     1.0000     0.000    259.74      0.00   9.3e+10

********************************************************************************

-----------------------------------
nobs = 1001 
ngood = 1001 
record length (days) = 41.71
start time: 2103-09-18 00:00:00
rayleigh criterion = 1.0

Greenwich phase computed, no nodal corrections
x0= 3.41e-06  xtrend= 0
var(data)= 13.04    var(prediction)= 13.04    var(residual)= 0.00
var(prediction)/var(data) (%) = 100.0

        tidal amplitude and phase with 95 % CI estimates
 tide      freq        amp      amp_err   pha      pha_err    snr
* M2    0.0805114     5.0000     0.009    324.64      0.09   3.1e+05
* M10   0.4025570     1.0000     0.000    186.70      0.00   1.1e+11

********************************************************************************

-----------------------------------
nobs = 1001 
ngood = 1001 
record length (days) = 41.71
rayleigh criterion = 1.0

Phases at central time
x0= 1.47e-06  xtrend= 0
var(data)= 2.00    var(prediction)= 2.00    var(residual)= 0.00
var(prediction)/var(data) (%) = 100.0

y0= 3.66e-07  ytrend= 0
var(data)= 0.13    var(prediction)= 0.13    var(residual)= 0.00
var(prediction)/var(data) (%) = 100.0

total_var= 2.129597 pred_var=  2.129333
total_var/pred_var (%) =  100.0  
                                ellipse parameters with 95 % CI estimates
 tide     freq        major      emaj      minor      emin     inc      einc      pha       epha      snr
  MM    0.0015122     0.0001     0.000    0.0000     0.000    14.04     16.00     89.79     65.65      1.1
  MSF   0.0028219     0.0000     0.000    0.0000     0.000    14.04     28.32    266.87    172.64     0.16
  ALP1  0.0343966     0.0001     0.000    0.0000     0.000    14.04     12.94    269.34     49.75      1.9
* 2Q1   0.0357064     0.0002     0.000    0.0000     0.000    14.04     11.94     88.36     39.61      2.8
  Q1    0.0372185     0.0001     0.000    0.0000     0.000    14.04     16.79     89.82     69.63      1.1
* O1    0.0387307     0.0002     0.000    0.0000     0.000    14.04     12.66    268.05     40.62      2.3
  NO1   0.0402686     0.0002     0.000    0.0000     0.000    14.04     13.05    269.19     44.78        2
  K1    0.0417807     0.0001     0.000    0.0000     0.000    14.04     15.14     87.64     49.83      1.3
* J1    0.0432929     0.0002     0.000    0.0000     0.000    14.04     10.19     88.85     32.39      3.5
  OO1   0.0448308     0.0001     0.000    0.0000     0.000    14.04     18.23    266.97     74.23        1
* UPS1  0.0463430     0.0003     0.000    0.0000     0.000    14.04      9.91    268.43     28.10      5.2
  EPS2  0.0761773     0.0004     0.002    0.0000     0.001    14.04     27.02    267.80    227.10    0.028
  MU2   0.0776895     0.0022     0.003    0.0000     0.001    14.04     20.33     87.30     82.30     0.63
  N2    0.0789992     0.0007     0.002    0.0000     0.001    14.04     25.73    267.09    197.57    0.094
* M2    0.0805114     2.0615     0.003    0.0000     0.001    14.04      0.03    267.25      0.09    5e+05
  L2    0.0820236     0.0007     0.002    0.0000     0.001    14.04     26.91     87.01    211.05    0.083
  S2    0.0833333     0.0024     0.003    0.0000     0.001    14.04     20.70    267.14     82.36     0.81
  ETA2  0.0850736     0.0006     0.002    0.0000     0.001    14.04     28.78    266.89    189.11    0.085
* MO3   0.1192421     0.0001     0.000    0.0000     0.000    14.04     13.04    264.35     39.23      2.5
* M3    0.1207671     0.0001     0.000    0.0000     0.000    14.04      7.63     87.16     24.86      7.2
* MK3   0.1222921     0.0001     0.000    0.0000     0.000    14.04      7.26     85.64     20.36      5.5
  SK3   0.1251141     0.0000     0.000    0.0000     0.000    14.04     15.17    263.45     53.98      1.2
* MN4   0.1595106     0.0001     0.000    0.0000     0.000    14.04      8.75    264.90     26.69      5.8
  M4    0.1610228     0.0000     0.000    0.0000     0.000    14.04     30.40    147.67    237.14    0.021
* SN4   0.1623326     0.0000     0.000    0.0000     0.000    14.04     11.72     83.74     40.20      2.6
  MS4   0.1638447     0.0000     0.000    0.0000     0.000    14.04     23.53    272.36     71.30      0.9
* S4    0.1666667     0.0000     0.000    0.0000     0.000    14.04     12.44     87.31     40.32      2.6
* 2MK5  0.2028035     0.0000     0.000    0.0000     0.000    14.04     10.30     89.11     31.37        4
* 2SK5  0.2084474     0.0000     0.000    0.0000     0.000    14.04      7.94     84.70     22.70      6.1
  2MN6  0.2400221     0.0000     0.000    0.0000     0.000    14.04     21.53    278.41     88.83     0.51
* M6    0.2415342     0.0000     0.000    0.0000     0.000    14.04     10.24    266.15     27.35      4.9
* 2MS6  0.2443561     0.0000     0.000    0.0000     0.000    14.04     10.57     83.27     37.03      2.3
  2SM6  0.2471781     0.0000     0.000    0.0000     0.000    14.04     16.64    258.44     61.20      1.3
* 3MK7  0.2833149     0.0000     0.000    0.0000     0.000    14.04      4.74    261.56     12.66       21
* M8    0.3220456     0.0000     0.000    0.0000     0.000    14.04      2.01     28.15      4.96  1.2e+02

********************************************************************************

No output test case

********************************************************************************

====================================================================================================================
Number of observations = 1001
Number of observations used = 1001
Record length (days) = 41.71
Phases at central time

x0= 1.47e-06  xtrend= 0
var(data)= 2.00    var(prediction)= 2.00    var(residual)= 0.00
var(prediction)/var(data) (%) = 100.0

y0= 3.66e-07  ytrend= 0
var(data)= 0.13    var(prediction)= 0.13    var(residual)= 0.00
var(prediction)/var(data) (%) = 100.0

total_var= 2.129597 pred_var=  2.129333
total_var/pred_var (%) =  100.0  
                                   Ellipse parameters with 95 % CI estimates
                 Freq      Major  Major Err      Minor  Minor Err        Inc    Inc Err      Phase  Phase Err        SNR
Tide                                                                                                                    
MM           0.001512       0.00       0.00       0.00       0.00       14.0       16.1       89.8       55.7          1
MSF          0.002822       0.00       0.00       0.00       0.00       14.0       28.0      266.9      132.4        0.2
ALP1         0.034397       0.00       0.00       0.00       0.00       14.0       14.4      269.3       50.8          1
2Q1          0.035706       0.00       0.00       0.00       0.00       14.0       13.2       88.4       34.9          3
Q1           0.037219       0.00       0.00       0.00       0.00       14.0       16.1       89.8       62.0          1
O1           0.038731       0.00       0.00       0.00       0.00       14.0       13.1      268.0       41.3          2
NO1          0.040269       0.00       0.00       0.00       0.00       14.0       12.5      269.2       45.6          2
K1           0.041781       0.00       0.00       0.00       0.00       14.0       15.0       87.6       47.7          2
J1           0.043293       0.00       0.00       0.00       0.00       14.0       11.4       88.9       36.5          3
OO1          0.044831       0.00       0.00       0.00       0.00       14.0       19.0      267.0       71.8        0.7
UPS1         0.046343       0.00       0.00       0.00       0.00       14.0       11.0      268.4       31.1          4
EPS2         0.076177       0.00       0.00       0.00       0.00       14.0       24.9      267.8      218.2       0.03
MU2          0.077689       0.00       0.00       0.00       0.00       14.0       21.8       87.3       87.0        0.8
N2           0.078999       0.00       0.00       0.00       0.00       14.0       22.7      267.1      171.8        0.1
M2           0.080511       2.06       0.00       0.00       0.00       14.0        0.0      267.2        0.1      4e+05
L2           0.082024       0.00       0.00       0.00       0.00       14.0       24.4       87.0      208.6       0.09
S2           0.083333       0.00       0.00       0.00       0.00       14.0       21.0      267.1       83.0        0.7
ETA2         0.085074       0.00       0.00       0.00       0.00       14.0       28.4      266.9      193.8        0.1
MO3          0.119242       0.00       0.00       0.00       0.00       14.0       12.7      264.4       40.4          2
M3           0.120767       0.00       0.00       0.00       0.00       14.0        7.8       87.2       21.8          6
MK3          0.122292       0.00       0.00       0.00       0.00       14.0        7.4       85.6       20.1          8
SK3          0.125114       0.00       0.00       0.00       0.00       14.0       15.4      263.4       48.6          1
MN4          0.159511       0.00       0.00       0.00       0.00       14.0        8.7      264.9       25.2          5
M4           0.161023       0.00       0.00       0.00       0.00       14.0       24.7      147.7      250.6       0.02
SN4          0.162333       0.00       0.00       0.00       0.00       14.0       12.6       83.7       40.1          2
MS4          0.163845       0.00       0.00       0.00       0.00       14.0       18.4      272.4       79.2        0.8
S4           0.166667       0.00       0.00       0.00       0.00       14.0       12.1       87.3       36.5          3
2MK5         0.202804       0.00       0.00       0.00       0.00       14.0       11.1       89.1       31.8          3
2SK5         0.208447       0.00       0.00       0.00       0.00       14.0        7.9       84.7       20.7          6
2MN6         0.240022       0.00       0.00       0.00       0.00       14.0       25.3      278.4      100.3        0.5
M6           0.241534       0.00       0.00       0.00       0.00       14.0       10.2      266.2       32.3          4
2MS6         0.244356       0.00       0.00       0.00       0.00       14.0       11.1       83.3       36.4          4
2SM6         0.247178       0.00       0.00       0.00       0.00       14.0       17.2      258.4       68.0        0.9
3MK7         0.283315       0.00       0.00       0.00       0.00       14.0        4.8      261.6       13.1      2e+01
M8           0.322046       0.00       0.00       0.00       0.00       14.0        1.9       28.1        5.1      1e+02
====================================================================================================================

********************************************************************************

-----------------------------------
nobs = 1001 
ngood = 1001 
record length (days) = 41.71
rayleigh criterion = 1.0

Phases at central time
x0= 1.37e-06  xtrend= 0
var(data)= 2.00    var(prediction)= 2.00    var(residual)= 0.00
var(prediction)/var(data) (%) = 100.0

y0= 3.42e-07  ytrend= 0
var(data)= 0.13    var(prediction)= 0.13    var(residual)= 0.00
var(prediction)/var(data) (%) = 100.0

total_var= 2.129597 pred_var=  2.129491
total_var/pred_var (%) =  100.0  
                                ellipse parameters with 95 % CI estimates
 tide     freq        major      emaj      minor      emin     inc      einc      pha       epha      snr
* M2    0.0805114     2.0615     0.003    0.0000     0.001    14.04      0.03    267.25      0.09  3.6e+05

********************************************************************************

-----------------------------------
nobs = 1001 
ngood = 1001 
record length (days) = 41.71
rayleigh criterion = 1.0

Phases at central time
x0= 9.35e-07  xtrend= 0
var(data)= 2.00    var(prediction)= 2.00    var(residual)= 0.00
var(prediction)/var(data) (%) = 100.0

y0= 2.34e-07  ytrend= 0
var(data)= 0.13    var(prediction)= 0.13    var(residual)= 0.00
var(prediction)/var(data) (%) = 100.0

total_var= 2.129597 pred_var=  2.129714
total_var/pred_var (%) =  100.0  
                                ellipse parameters with 95 % CI estimates
 tide     freq        major      emaj      minor      emin     inc      einc      pha       epha      snr
* O1    0.0387307     0.0002     0.000    0.0000     0.000    14.04      8.05    268.21     26.16        6
* K1    0.0417807     0.0001     0.000    0.0000     0.000    14.04      8.69     87.97     27.30        6
  N2    0.0789992     0.0012     0.003    0.0000     0.001    14.04     25.33    267.20    127.42     0.23
* M2    0.0805114     2.0617     0.004    0.0000     0.001    14.04      0.03    267.25      0.11  3.4e+05
  S2    0.0833333     0.0025     0.003    0.0000     0.001    14.04     19.70    267.14     78.33      0.9

********************************************************************************

-----------------------------------
nobs = 1001 
ngood = 1001 
record length (days) = 41.71
start time: 2103-09-18 00:00:00
rayleigh criterion = 1.0

Greenwich phase computed, no nodal corrections
x0= 1.37e-06  xtrend= 0
var(data)= 2.00    var(prediction)= 2.00    var(residual)= 0.00
var(prediction)/var(data) (%) = 100.0

y0= 3.42e-07  ytrend= 0
var(data)= 0.13    var(prediction)= 0.13    var(residual)= 0.00
var(prediction)/var(data) (%) = 100.0

total_var= 2.129597 pred_var=  2.129491
total_var/pred_var (%) =  100.0  
                                ellipse parameters with 95 % CI estimates
 tide     freq        major      emaj      minor      emin     inc      einc      pha       epha      snr
* M2    0.0805114     2.0615     0.004    0.0000     0.001    14.04      0.03    324.64      0.08  3.2e+05

********************************************************************************

-----------------------------------
nobs = 1001 
ngood = 1001 
record length (days) = 41.71
start time: 2103-09-18 00:00:00
rayleigh criterion = 1.0

Greenwich phase computed with nodal
                   corrections applied to amplitude
                   and phase relative to center time

x0= 1.37e-06  xtrend= 0
var(data)= 2.00    var(prediction)= 2.02    var(residual)= 0.00
var(prediction)/var(data) (%) = 100.9

y0= 3.42e-07  ytrend= 0
var(data)= 0.13    var(prediction)= 0.13    var(residual)= 0.00
var(prediction)/var(data) (%) = 100.9

total_var= 2.129597 pred_var=  2.148228
total_var/pred_var (%) =  100.9  
                                ellipse parameters with 95 % CI estimates
 tide     freq        major      emaj      minor      emin     inc      einc      pha       epha      snr
* M2    0.0805114     2.0706     0.003    0.0000     0.001    14.04      0.03    326.60      0.09  4.7e+05
